
> mintaura-clone@0.1.0 build
> XDG_CONFIG_HOME=.config next build

▲ Next.js 16.2.12 (Turbopack)
- Environments: .env

  Creating an optimized production build ...
Turbopack build encountered 2 warnings:
[next]/internal/font/google/rubik_a170503a.module.css
Error while requesting resource
There was an issue establishing a connection while requesting https://fonts.googleapis.com/css2?family=Rubik:wght@300..900&display=swap

Import trace:
  Server Component:
    [next]/internal/font/google/rubik_a170503a.module.css
    [next]/internal/font/google/rubik_a170503a.js
    ./src/app/layout.tsx


[next]/internal/font/google/squada_one_8359451f.module.css
Error while requesting resource
There was an issue establishing a connection while requesting https://fonts.googleapis.com/css2?family=Squada+One:wght@400&display=swap

Import trace:
  Server Component:
    [next]/internal/font/google/squada_one_8359451f.module.css
    [next]/internal/font/google/squada_one_8359451f.js
    ./src/app/layout.tsx



> Build error occurred
Error: Turbopack build failed with 2 errors:
[next]/internal/font/google/rubik_a170503a.module.css
next/font: error:
Failed to fetch `Rubik` from Google Fonts.

Import trace:
  Server Component:
    [next]/internal/font/google/rubik_a170503a.module.css
    [next]/internal/font/google/rubik_a170503a.js
    ./src/app/layout.tsx


[next]/internal/font/google/squada_one_8359451f.module.css
next/font: error:
Failed to fetch `Squada One` from Google Fonts.

Import trace:
  Server Component:
    [next]/internal/font/google/squada_one_8359451f.module.css
    [next]/internal/font/google/squada_one_8359451f.js
    ./src/app/layout.tsx


    at ignore-listed frames
